2026-09-24 12:54:47,666 INFO    [db] Database initialized at sqlite:////workspace/crypto_intelligence/data/scanner.db
2026-09-24 12:54:47,673 INFO    [blocks] [ethereum] resuming from block 18999999
2026-09-24 12:54:47,673 INFO    [blocks] [bsc] first run: starting near head at 35999970
2026-09-24 12:54:47,683 INFO    [discovery] discovered token 0xbbbbbbbbbb (no-symbol) via transfer_event
2026-09-24 12:54:47,686 INFO    [discovery] discovered token 0xcccccccccc (no-symbol) via transfer_event
2026-09-24 12:54:47,694 INFO    [discovery] discovered token 0xaaaaaaaaaa (no-symbol) via transfer_event
2026-09-24 12:54:47,698 INFO    [transfers] LARGE 0xbbbbbbbb IN 1,300,000,000,000.00 $1,300,000,000,000 rel=None score=100.0
2026-09-24 12:54:47,705 INFO    [transfers] LARGE 0xbbbbbbbb IN 1,500,000,000,000.00 $1,500,000,000,000 rel=None score=100.0
2026-09-24 12:54:47,713 INFO    [transfers] LARGE 0xbbbbbbbb IN 1,300,000,000,000.00 $1,300,000,000,000 rel=None score=100.0
2026-09-24 12:54:47,719 INFO    [transfers] LARGE 0xbbbbbbbb IN 1,500,000,000,000.00 $1,500,000,000,000 rel=None score=100.0
2026-09-24 12:54:47,725 INFO    [transfers] LARGE 0xbbbbbbbb IN 1,100,000,000,000.00 $1,100,000,000,000 rel=None score=91.96
2026-09-24 12:54:47,729 INFO    [transfers] LARGE 0xbbbbbbbb IN 1,900,000,000,000.00 $1,900,000,000,000 rel=1.4615 score=66.86
2026-09-24 12:54:47,741 INFO    [transfers] LARGE 0xbbbbbbbb IN 1,700,000,000,000.00 $1,700,000,000,000 rel=1.3077 score=60.91
2026-09-24 12:54:47,744 INFO    [transfers] LARGE 0xbbbbbbbb IN 1,000,000,000,000.00 $1,000,000,000,000 rel=0.7143 score=42.54
2026-09-24 12:54:47,746 INFO    [transfers] LARGE 0xbbbbbbbb IN 1,000,000,000,000,000,000.00 $1,000,000,000,000,000,000 rel=769230.7692 score=100.0
2026-09-24 12:54:47,753 INFO    [transfers] LARGE 0xbbbbbbbb IN 1,800,000,000,000.00 $1,800,000,000,000 rel=1.3846 score=46.79
2026-09-24 12:54:47,756 INFO    [transfers] LARGE 0xbbbbbbbb IN 1,000,000,000,000,000,000.00 $1,000,000,000,000,000,000 rel=714285.7143 score=100.0
2026-09-24 12:54:47,765 INFO    [transfers] LARGE 0xbbbbbbbb IN 1,900,000,000,000.00 $1,900,000,000,000 rel=1.4615 score=47.65
2026-09-24 12:54:47,769 INFO    [transfers] LARGE 0xbbbbbbbb IN 1,700,000,000,000.00 $1,700,000,000,000 rel=1.2143 score=44.59
2026-09-24 12:54:47,807 INFO    [blocks] [bsc] blocks 35999970-35999998 | 56 transfer logs | 0 pair events
2026-09-24 12:54:52,944 INFO    [db] Database initialized at sqlite:////workspace/crypto_intelligence/data/scanner.db
2026-09-24 12:54:52,950 INFO    [blocks] [ethereum] resuming from block 18999999
2026-09-24 12:54:52,951 INFO    [blocks] [bsc] resuming from block 35999999
